[12:46:28] step 1: settling 25 min after the rebuild outage
[13:11:28]   after settle: core 6.66 cores (83%), ratio 0.9999, scan 0
[13:11:28] step 2: rebuilding fleet at 10,000
[13:16:30]   cleared (0)
[13:19:27]   nl6 at 10,000
[13:19:58]     provision rc=0 at 11:19:37
[13:32:59]     settled at 10004 services
[13:32:59] step 3: applying 'netem delay 10ms 2ms' (uniform 8-12 ms per PDU)
[13:33:01]   qdisc netem 8001: root refcnt 2 limit 1000 delay 10ms  2ms
[13:38:01] === RUNG 10,000 devices, 8-12 ms/PDU ===
[13:38:01]     measuring 900s
[13:53:01]     services=10004 PASS=True drains=True (zero 0.323) q_max=540.0 ratio_med=0.9999 L=77.8/100.0 cpu=56.9% heap=8.28G
[13:53:01]   10,000 completes. growing +1,000
[13:54:03]     provision rc=0 at 11:53:38
[14:05:04]     settled at 11004 services
[14:05:04] === RUNG 11,000 devices, 8-12 ms/PDU ===
[14:05:04]     measuring 900s
[14:20:04]     services=11004 PASS=True drains=True (zero 0.387) q_max=352.0 ratio_med=0.9999 L=80.4/100.0 cpu=63.7% heap=8.6G
[14:20:04]   11,000 completes. growing +1,000
[14:21:03]     provision rc=0 at 12:20:37
[14:35:34]     settled at 12004 services
[14:35:34] === RUNG 12,000 devices, 8-12 ms/PDU ===
[14:35:34]     measuring 900s
[14:50:35]     services=12004 PASS=True drains=True (zero 0.29) q_max=51.0 ratio_med=0.9975 L=83.8/100.0 cpu=67.6% heap=8.75G
[14:50:35]   12,000 completes. growing +1,000
[14:51:45]     provision rc=0 at 12:51:24
[15:03:15]     settled at 13004 services
[15:03:15] === RUNG 13,000 devices, 8-12 ms/PDU ===
[15:03:15]     measuring 900s
[15:18:16]     services=13004 PASS=True drains=True (zero 0.129) q_max=1502.0 ratio_med=0.9968 L=98.4/100.0 cpu=77.4% heap=8.89G
[15:18:16]   13,000 completes. growing +1,000
[15:19:32]     provision rc=0 at 13:19:08
[15:31:03]     settled at 14004 services
[15:31:03] === RUNG 14,000 devices, 8-12 ms/PDU ===
[15:31:03]     measuring 900s
[15:46:03]     services=14004 PASS=False drains=False (zero 0.0) q_max=4576.0 ratio_med=0.9847 L=100.0/100.0 cpu=85.2% heap=9.16G
[15:46:03] !!! EDGE FOUND: 14,000 devices does NOT complete a cycle under 8-12 ms
[15:46:03] === search complete ===
