# partial outage series 2026-09-07: 16 GiB Core, 10 GiB heap, 250 threads, 11,000 devices, netem 75/25 ms. Levels 25/50/75/100% of the fleet dropped silently by /24 blocks on netsim (bin/level.sh); each level 3 cycles, judged over cycles 2-3, then 2 cycles recovery.
time services pending active done_s core% minion% db% heap_gib oldgc_min snmp_mbit core_load events_1m dcfailed_1m dcsucceeded_1m alarms alarms_open_major
13:50:16 11004 0 201 39.0 74.1 31.6 30.0 8.3 0.0 21.7 15.7 0 0 0 0 0
# LEVEL 25 ON drop rules now: 4 2026-09-07T13:50:47Z  (octets 0-10, 2,750 devices)
13:51:15 11004 0 172 40.1 62.0 28.1 26.8 7.8 0.0 19.0 11.1 321 321 0 321 321
13:52:16 11004 0 196 38.5 53.3 24.0 22.1 7.4 0.0 16.6 10.0 589 589 0 915 915
13:53:15 11004 0 153 24.1 32.5 14.7 14.6 8.5 0.0 10.6 4.5 419 419 0 1321 1321
13:54:16 11004 0 179 38.8 52.3 23.5 23.7 8.2 0.0 16.9 9.5 551 551 0 1876 1876
13:55:15 11004 0 185 38.9 57.5 23.2 23.4 8.4 0.0 16.7 11.2 590 590 0 2452 2452
13:56:16 11004 0 148 39.3 51.7 23.4 23.2 7.0 0.0 16.6 5.6 382 282 0 2750 2750
13:57:15 11004 0 192 38.2 53.6 23.9 23.4 7.9 0.0 17.0 6.6 230 0 0 2750 2750
13:58:16 11004 0 148 23.9 37.1 15.3 16.3 9.0 0.0 11.1 8.3 209 0 0 2750 2750
13:59:15 11004 0 143 39.1 54.4 24.9 23.9 9.1 0.0 17.3 14.8 236 0 0 2750 2750
14:00:16 11004 0 163 39.2 59.1 24.9 24.6 7.3 0.0 17.1 12.4 187 0 0 2750 2750
14:01:15 11004 0 173 39.6 54.0 24.8 23.6 7.1 0.0 16.9 10.3 255 0 0 2750 2750
14:02:16 11004 0 203 38.8 55.6 24.8 25.3 9.5 0.0 17.2 9.7 266 0 0 2750 2750
14:03:15 11004 0 146 23.9 36.8 15.4 16.4 6.9 0.0 11.1 5.6 204 0 0 2750 2750
14:04:16 11004 0 157 38.9 58.2 25.6 24.9 6.5 0.0 17.3 11.9 242 0 0 2750 2750
14:05:15 11004 0 186 38.8 61.2 25.1 24.3 7.3 0.0 17.2 9.1 252 0 0 2750 2750
# LEVEL 25 OFF drop rules now: 1 2026-09-07T14:06:10Z 
14:06:15 11004 21 165 39.5 53.7 23.7 23.7 6.4 0.0 16.8 9.8 222 0 19 2750 2731
14:07:17 11004 13 250 38.1 65.8 32.0 32.1 8.6 0.0 22.0 7.7 811 0 583 2750 2124
14:08:15 11004 0 163 24.2 46.3 20.4 22.7 7.6 0.0 14.2 8.8 669 0 430 2750 1719
14:09:16 11004 0 206 38.5 67.7 31.9 32.0 9.3 0.0 22.0 14.9 696 0 538 2750 1167
14:10:15 11004 21 219 38.8 71.4 31.5 31.5 9.1 0.0 21.8 14.5 593 0 593 2750 581
14:11:16 11004 0 172 39.2 66.4 30.1 29.9 8.5 0.0 21.6 11.2 575 0 575 2712 0
14:12:15 11004 0 205 38.6 67.0 30.5 29.5 8.9 0.0 21.6 11.2 0 0 0 2144 0
14:13:16 11004 0 156 24.3 42.7 19.4 18.7 9.4 0.0 13.7 9.8 0 0 0 1705 0
14:14:15 11004 0 157 38.8 66.5 30.0 29.2 8.3 0.0 21.6 12.9 0 0 0 1174 0
14:15:16 11004 0 193 38.9 68.3 30.5 29.0 9.3 0.0 21.7 13.8 0 0 0 575 0
# LEVEL 50 ON drop rules now: 4 2026-09-07T14:15:51Z  (octets 0-21, 5,500 devices)
14:16:15 11004 0 172 39.6 61.0 25.7 26.0 8.3 0.0 17.7 12.2 512 512 0 512 512
14:17:16 11004 0 182 38.6 40.6 16.5 15.7 7.4 0.0 11.7 6.9 1178 1178 0 1705 1705
14:18:15 11004 0 152 23.9 27.0 10.7 11.3 7.8 0.0 7.7 4.9 806 806 0 2492 2492
14:19:16 11004 0 145 39.0 39.0 16.4 16.4 7.0 0.0 11.7 2.8 1147 1147 0 3651 3651
14:20:15 11004 0 177 39.3 37.0 16.4 17.2 8.2 0.0 11.5 6.0 1211 1211 0 4839 4839
14:21:16 11004 0 132 39.1 37.1 16.8 15.3 8.0 0.0 11.5 3.7 639 639 0 5500 5500
14:22:15 11004 0 187 39.3 36.8 15.8 15.3 5.6 0.0 11.7 5.4 0 0 0 5500 5500
# LEVEL 50 OFF drop rules now: 1 2026-09-07T14:22:29Z 
# LEVEL 50 ON AGAIN drop rules now: 4 2026-09-07T14:22:45Z  (octets 0-21, 5,500 devices; the 14:15:51 attempt was switched off at 14:22:29 by a timing mistake and its window discarded)
14:23:16 11004 0 148 23.6 27.1 13.0 12.1 9.2 0.0 9.2 5.2 126 0 126 5500 5374
14:24:16 11004 0 164 38.8 34.4 17.9 16.4 7.0 0.0 11.7 5.2 0 0 0 5500 5374
14:25:16 11004 0 150 39.2 34.3 16.9 14.0 7.8 0.0 11.5 6.2 0 0 0 5500 5374
14:26:16 11004 0 172 39.3 42.6 17.1 15.8 8.2 0.0 11.6 3.9 0 0 0 5500 5374
14:27:16 11004 0 155 38.8 33.6 17.1 13.8 8.3 0.0 11.7 6.7 0 0 0 5500 5374
14:28:16 11004 0 148 23.6 26.0 11.2 11.5 6.9 0.0 7.8 2.9 126 126 0 5500 5500
14:29:16 11004 0 172 39.1 30.6 16.9 14.1 8.6 0.0 11.6 6.1 0 0 0 5500 5500
14:30:16 11004 0 174 38.9 39.0 17.5 16.8 7.6 0.0 11.8 3.6 130 0 0 5500 5500
14:31:15 11004 0 166 39.6 45.4 18.4 16.0 7.1 0.0 12.1 6.3 246 0 0 5500 5500
14:32:16 11004 0 183 38.5 41.1 18.9 17.7 7.4 0.0 12.2 3.6 241 0 0 5500 5500
14:33:15 11004 0 152 24.0 25.5 11.7 11.3 7.7 0.0 8.1 3.9 201 0 0 5500 5500
14:34:16 11004 0 130 39.3 39.2 18.0 18.1 8.6 0.0 12.1 5.0 240 0 0 5500 5500
14:35:15 11004 0 179 38.8 38.7 18.3 16.1 8.4 0.0 12.0 2.3 256 0 0 5500 5500
14:36:16 11004 0 130 39.4 47.5 18.2 17.5 8.2 0.0 11.9 7.0 203 0 0 5500 5500
14:37:15 11004 0 183 38.4 35.1 18.5 16.0 9.5 0.0 12.2 3.1 244 0 0 5500 5500
14:38:16 11004 0 151 24.0 28.0 11.7 13.0 8.7 0.0 8.2 1.9 236 0 0 5500 5500
# LEVEL 50 OFF drop rules now: 1 2026-09-07T14:38:23Z 
14:39:15 11004 0 178 38.5 58.2 31.2 30.1 8.2 0.0 22.3 6.9 1210 0 1000 5500 4500
14:40:17 11004 0 209 39.1 66.1 31.2 34.4 7.9 0.0 22.0 11.7 1396 0 1191 5500 3300
14:41:15 11004 0 166 39.1 70.9 32.3 33.2 7.6 0.0 22.1 13.7 1407 0 1178 5500 2126
14:42:16 11004 0 206 38.6 69.7 32.3 34.1 7.4 0.0 22.0 13.5 1388 0 1165 5500 952
14:43:15 11004 0 148 24.3 45.7 20.2 22.3 8.6 0.0 14.1 7.7 973 0 830 5500 132
14:44:16 11004 0 190 38.2 67.6 29.9 30.5 7.9 0.0 21.7 13.3 131 0 131 4492 0
14:45:15 11004 0 194 38.9 64.6 29.7 29.5 8.9 0.0 21.8 12.2 0 0 0 3304 0
14:46:17 11004 0 189 39.4 70.2 31.1 30.6 8.2 0.0 21.7 12.1 0 0 0 2115 0
14:47:15 11004 0 227 39.2 64.4 30.5 29.5 7.8 0.0 21.7 13.1 0 0 0 964 0
# LEVEL 75 ON drop rules now: 3 2026-09-07T14:48:13Z  (octets 0-32, 8,250 devices)
14:48:16 11004 0 148 24.3 45.2 19.0 19.8 7.5 0.0 13.8 9.7 33 33 0 143 12
14:49:16 11004 5 164 39.3 27.4 10.4 9.8 8.6 0.0 6.7 6.2 1766 1766 0 1877 1877
14:50:15 11004 0 167 38.7 25.0 9.4 10.5 9.2 0.0 6.3 8.1 1795 1795 0 3647 3647
14:51:16 11004 0 116 39.5 36.2 10.6 10.1 6.7 0.0 7.1 5.3 1726 1726 0 5411 5411
14:52:15 11004 0 171 38.3 25.5 10.0 11.8 9.4 0.0 6.7 5.0 1769 1769 0 7145 7145
14:53:16 11004 0 151 23.6 17.5 6.5 6.6 9.1 0.0 4.8 2.0 1077 1077 0 8250 8250
14:54:16 11004 0 123 39.4 22.9 10.1 10.1 8.3 0.0 6.7 4.2 0 0 0 8250 8250
14:55:16 11004 0 167 38.7 15.4 10.0 6.8 8.6 0.0 6.3 2.1 0 0 0 8250 8250
14:56:15 11004 0 163 39.5 29.1 10.9 10.2 6.7 0.0 7.1 3.4 0 0 0 8250 8250
14:57:16 11004 0 138 39.1 16.3 10.4 7.1 4.9 0.0 6.7 2.8 0 0 0 8250 8250
14:58:18 11004 0 148 23.3 18.1 7.1 8.4 8.5 0.0 4.9 2.7 0 0 0 8250 8250
14:59:15 11004 0 163 39.0 19.7 10.3 7.6 4.6 0.0 6.7 1.3 0 0 0 8250 8250
15:00:16 11004 0 168 39.3 21.8 9.9 9.4 6.4 0.0 6.3 1.4 0 0 0 8250 8250
15:01:16 11004 0 135 38.8 26.4 10.9 7.8 9.0 0.0 7.1 3.0 0 0 0 8250 8250
15:02:17 11004 0 183 39.2 22.5 10.3 9.8 7.8 0.0 6.7 1.8 0 0 0 8250 8250
15:03:15 11004 0 149 23.2 14.5 6.8 5.6 5.3 0.0 4.8 1.9 0 0 0 8250 8250
15:04:16 11004 0 152 38.8 18.5 10.5 9.7 7.2 0.0 6.8 2.4 40 0 0 8250 8250
# LEVEL 75 OFF drop rules now: 1 2026-09-07T15:04:17Z 
15:05:16 11004 0 192 38.8 63.5 31.6 32.4 5.0 0.0 22.2 9.6 1898 0 1672 8250 6579
15:06:17 11004 19 198 39.3 66.5 30.5 35.8 9.4 0.0 21.9 11.7 1902 0 1710 8250 4840
15:07:16 11004 0 231 38.6 65.8 31.8 36.2 7.1 0.0 22.1 9.6 2007 0 1761 8250 3090
15:08:16 11004 0 156 24.1 49.2 20.7 25.3 8.0 0.0 14.3 7.5 1501 0 1245 8250 1844
15:09:16 11004 0 191 38.8 68.0 31.1 33.8 9.3 0.0 22.1 16.4 1904 0 1707 8250 139
15:10:16 11004 0 231 39.1 70.2 31.5 33.9 8.9 0.0 22.1 14.1 324 0 119 6550 0
15:11:16 11004 0 217 39.1 70.5 31.7 32.4 8.3 0.0 22.1 14.5 235 0 0 4879 0
15:12:17 11004 0 214 38.6 73.8 32.1 33.6 8.6 0.0 22.1 17.4 249 0 0 3078 0
15:13:16 11004 0 151 24.4 50.0 20.4 21.3 8.2 0.0 14.1 14.8 183 0 0 1844 0
# LEVEL 100 ON drop rules now: 2 2026-09-07T15:14:11Z  (all 44 blocks, 11,000 devices)
15:14:16 11004 0 164 38.8 71.5 31.1 32.9 8.8 0.0 22.2 18.7 424 174 0 290 173
15:15:16 11004 0 154 39.6 16.5 5.0 5.2 7.0 0.0 1.8 7.3 2512 2373 0 2590 2590
15:16:16 11004 0 102 38.9 11.5 4.9 5.7 6.8 0.0 1.8 3.4 2503 2363 0 4908 4908
15:17:16 11004 0 171 39.5 20.0 4.4 4.5 7.7 0.0 1.8 2.1 2514 2374 0 7282 7282
15:18:16 11004 0 148 22.9 11.3 2.9 6.0 5.3 0.0 1.8 1.1 1671 1621 0 8874 8874
15:19:16 11004 0 149 38.8 10.2 4.0 4.6 6.9 0.0 1.8 2.3 2067 2067 0 10999 10999
15:20:15 11004 0 141 39.6 9.1 3.9 3.9 6.4 0.0 1.8 1.2 0 0 0 10999 10999
15:21:16 11004 0 102 39.1 5.7 4.0 1.2 5.3 0.0 1.8 0.6 0 0 0 10999 10999
15:22:16 11004 0 115 39.1 17.2 4.2 4.5 6.2 0.0 1.8 5.7 0 0 0 10999 10999
15:23:17 11004 0 148 22.8 5.3 2.7 1.5 3.5 0.0 1.8 2.3 0 0 0 10999 10999
15:24:15 11004 0 154 39.1 7.5 4.4 3.8 8.3 0.0 1.8 1.2 0 0 0 10999 10999
15:25:16 11004 0 142 39.5 5.5 4.5 1.1 7.3 0.0 1.8 0.8 0 0 0 10999 10999
15:26:16 11004 0 102 39.1 10.3 4.1 3.7 6.3 0.0 1.8 0.5 0 0 0 10999 10999
15:27:16 11004 0 113 39.1 14.6 4.3 1.1 6.6 0.0 1.8 3.4 0 0 0 10999 10999
15:28:16 11004 0 148 23.5 7.5 2.9 4.2 5.4 0.0 1.8 1.2 0 0 0 10999 10999
15:29:16 11004 0 160 39.1 5.6 4.2 1.1 4.5 0.0 1.8 0.7 0 0 0 10999 10999
15:30:16 11004 0 149 39.4 10.2 4.1 3.8 4.1 0.0 1.8 0.7 0 0 0 10999 10999
# LEVEL 100 OFF drop rules now: 1 2026-09-07T15:30:25Z 
15:31:16 11004 0 161 37.9 46.9 28.4 23.9 5.2 0.0 20.5 5.4 1881 0 1881 10999 9118
15:32:17 11004 0 213 38.7 69.9 29.5 34.5 5.4 0.0 21.5 9.5 2401 0 2401 10999 6714
15:33:16 11004 0 151 24.4 41.9 18.1 21.9 6.2 0.0 13.8 8.4 1667 0 1667 10999 5115
15:34:16 nan nan nan nan 46.7 20.0 13.7 0.4 0.0 8.2 11.2 709 0 709 10999 4404
15:35:17 6636 6255 250 2.7 81.6 42.1 6.7 3.1 0.0 6.0 20.4 90 0 0 10999 4404
15:36:16 9856 7072 250 40.6 97.2 38.3 42.1 9.2 0.0 23.0 40.1 270 0 0 9283 4404
15:37:17 11004 5391 250 47.4 86.5 46.4 45.6 5.7 0.0 26.6 32.0 324 0 0 6714 4404
15:38:16 11004 2535 250 48.8 78.9 38.5 39.8 8.8 0.0 26.6 26.1 74 0 0 5113 4404
15:39:17 11004 0 0 46.3 83.7 32.9 39.7 8.4 0.0 21.9 19.3 60 0 0 4404 4404
15:40:16 11004 0 32 5.5 22.1 7.7 6.1 7.5 0.0 6.0 8.3 190 0 0 4404 4404
15:41:16 11004 0 237 40.2 77.5 34.8 33.6 9.1 0.0 22.9 22.0 240 0 0 4404 4404
15:42:16 11004 230 250 42.8 86.9 38.8 35.5 7.9 0.2 24.3 14.1 240 0 0 4404 4404
15:43:16 11004 78 250 49.4 88.3 41.8 42.1 9.3 0.2 27.3 16.6 230 0 0 4404 4404
15:44:16 11004 0 0 48.8 86.6 38.6 38.8 9.2 0.2 23.6 17.9 164 0 0 4404 4404
15:45:17 11004 0 45 5.5 20.6 7.3 8.1 8.6 0.2 6.1 7.1 236 0 0 4404 4404
15:46:16 11004 0 245 40.4 72.1 33.6 31.8 9.2 0.2 22.9 18.3 242 0 0 4404 4404
15:47:17 11004 213 250 43.7 84.3 34.7 35.9 7.9 0.2 24.1 27.6 173 0 0 4404 4404
15:48:16 11004 152 250 49.4 83.7 40.1 37.6 9.1 0.2 27.0 20.1 220 0 0 4404 4404
15:49:17 11004 46 250 43.7 88.6 36.9 35.7 7.3 0.4 24.0 29.4 245 0 0 4404 4404
15:50:16 11004 0 31 5.5 18.6 7.3 6.4 8.3 0.4 6.0 12.4 195 0 0 4404 4404
15:51:17 11004 7 250 40.2 72.9 33.8 34.7 8.9 0.4 22.9 25.8 252 0 0 4404 4404
15:52:16 11004 234 250 42.4 85.9 35.6 34.6 7.2 0.4 24.1 26.9 264 0 0 4404 4404
