# outage test 2026-09-07: 16 GiB Core, 10 GiB heap, 250 threads, 11,000 devices, netem 75/25 ms. Outage = FORWARD rule into nl6's namespace removed on netsim (silent drop, no ICMP); restore = rule re-added. SNMP timeout 1800 ms, retry 1; RPC TTL 20 s default.
time services pending active done_s core% minion% db% heap_gib oldgc_min snmp_mbit core_load events_1m dcfailed_1m dcsucceeded_1m alarms alarms_open_major
10:26:34 11004 0 187 39.2 68.2 31.9 43.6 8.3 0.0 21.8 13.5 0 0 0 0 0
10:27:35 11004 0 224 38.5 64.0 30.0 28.6 8.4 0.0 21.7 11.3 0 0 0 0 0
              __  ____  ____  __ _  __ _  _  _  ____
             /  \(  _ \(  __)(  ( \(  ( \( \/ )/ ___)
            (  O )) __/ ) _) /    //    // \/ \\___ \
             \__/(__)  (____)\_)__)\_)__)\_)(_/(____/
2026-09-07T10:28:02Z
rule removed
1      11M 6544M ACCEPT     0    --  veth-sim-host *       0.0.0.0/0            0.0.0.0/0           
# T0 OUTAGE START 2026-09-07T10:28:02Z: FORWARD rule into nl6 namespace removed; all SNMP requests from the Minion dropped silently
rest nodes count: 200 in 0.446845s
rest nodes count: 200 in 0.308956s
rest nodes count: 200 in 0.292070s
10:28:34 11004 0 152 25.0 26.4 9.0 8.3 7.2 0.0 6.2 7.8 1264 1264 0 1264 1264
10:29:35 11004 0 129 38.5 15.1 4.1 4.1 8.1 0.0 1.8 3.3 2333 2333 0 3621 3621
10:30:34 11004 0 163 38.4 20.7 4.4 5.3 7.3 0.0 1.8 1.8 2328 2328 0 5945 5945
10:31:35 11004 0 166 39.4 9.6 4.2 4.2 5.5 0.0 1.8 2.1 2393 2393 0 8366 8366
10:32:34 11004 0 152 39.0 11.9 4.1 7.3 8.2 0.0 1.8 1.7 2378 2378 0 10696 10696
10:33:35 11004 0 152 25.0 6.4 3.0 2.1 6.8 0.0 1.8 0.7 304 304 0 11000 11000
10:34:34 11004 0 150 38.4 11.5 4.3 4.5 6.5 0.0 1.8 0.5 0 0 0 11000 11000
10:35:35 11004 0 110 39.2 14.6 4.5 1.3 5.3 0.0 1.8 5.5 0 0 0 11000 11000
10:36:34 11004 0 103 39.4 8.8 4.1 4.6 5.3 0.0 1.8 2.1 0 0 0 11000 11000
10:37:35 11004 0 173 38.4 5.6 4.4 1.1 4.0 0.0 1.8 0.9 0 0 0 11000 11000
10:38:34 11004 0 152 25.0 10.8 3.2 5.1 3.1 0.0 1.8 1.0 0 0 0 11000 11000
10:39:35 11004 0 160 38.4 5.8 4.3 1.2 7.2 0.0 1.8 0.5 0 0 0 11000 11000
10:40:34 11004 0 106 39.2 17.7 4.4 4.5 4.6 0.0 1.8 1.9 0 0 0 11000 11000
10:41:35 11004 0 114 39.2 5.9 4.5 1.1 3.6 0.0 1.8 0.7 0 0 0 11000 11000
10:42:34 11004 0 164 39.6 8.7 4.3 4.5 3.8 0.0 1.8 0.5 0 0 0 11000 11000
              __  ____  ____  __ _  __ _  _  _  ____
             /  \(  _ \(  __)(  ( \(  ( \( \/ )/ ___)
            (  O )) __/ ) _) /    //    // \/ \\___ \
             \__/(__)  (____)\_)__)\_)__)\_)(_/(____/
2026-09-07T10:43:12Z
rule restored
# T1 RESTORE 2026-09-07T10:43:12Z: FORWARD rule re-added; agents reachable again
10:43:35 11004 1 250 22.8 11.2 6.6 9.3 7.7 0.0 4.7 3.7 717 0 717 11000 10286
10:44:35 11004 0 184 39.5 63.2 30.4 36.7 3.9 0.0 21.7 12.7 2307 0 2307 11000 7981
10:45:35 11004 0 200 38.8 72.1 30.8 32.8 6.2 0.0 21.6 18.7 2339 0 2339 11000 5638
10:46:35 11004 0 183 39.6 67.7 31.4 36.6 7.6 0.0 21.8 15.9 2363 0 2363 11000 3238
10:47:34 11004 0 209 38.9 65.9 30.9 33.6 6.7 0.0 21.8 14.6 2354 0 2354 11000 927
10:48:36 11004 2 250 22.8 53.2 18.5 28.8 9.0 0.0 14.0 10.8 858 0 858 10277 0
10:49:34 11004 0 175 39.6 66.3 30.6 30.4 9.2 0.0 21.6 13.1 0 0 0 7982 0
10:50:35 11004 0 223 38.6 73.5 31.2 33.4 8.2 0.0 21.7 16.1 0 0 0 5597 0
10:51:34 11004 0 192 40.0 66.2 30.4 29.8 8.6 0.0 21.9 14.3 0 0 0 3278 0
10:52:35 11004 0 223 39.2 68.1 31.2 30.8 9.2 0.0 21.7 17.2 0 0 0 886 0
10:53:35 11004 7 250 22.7 44.1 18.0 22.4 7.4 0.0 14.0 15.3 0 0 0 0 0
10:54:36 11004 0 184 39.2 64.0 29.9 28.7 9.0 0.0 21.6 20.1 0 0 0 0 0
10:55:35 11004 0 201 38.9 65.0 30.0 28.1 7.4 0.0 21.6 17.3 0 0 0 0 0
10:56:35 11004 0 187 39.2 65.2 31.7 28.7 9.0 0.0 21.9 13.2 0 0 0 0 0
10:57:35 11004 0 204 38.6 63.6 29.7 29.0 7.6 0.0 21.7 13.7 0 0 0 0 0
10:58:36 11004 0 211 23.7 40.4 17.1 21.4 9.3 0.0 14.2 12.7 0 0 0 0 0
10:59:34 11004 0 180 39.3 64.5 29.4 28.2 7.8 0.0 21.6 12.3 0 0 0 0 0
11:00:36 11004 0 196 38.9 64.7 30.0 28.1 7.4 0.0 21.6 15.4 0 0 0 0 0
11:01:35 11004 0 188 39.6 64.0 30.0 28.7 8.0 0.0 21.9 15.8 0 0 0 0 0
11:02:34 11004 56 191 38.9 62.1 30.4 28.7 8.6 0.0 21.7 9.4 0 0 0 0 0
11:03:36 11004 0 247 22.9 40.1 17.9 21.5 9.4 0.0 14.0 12.4 0 0 0 0 0
11:04:34 11004 0 183 39.6 65.0 29.8 28.5 9.4 0.0 21.7 12.2 0 0 0 0 0
11:05:36 11004 0 197 38.6 64.7 30.1 28.6 7.9 0.0 21.6 12.4 0 0 0 0 0
11:06:35 11004 0 189 39.4 70.1 30.8 28.3 8.2 0.0 21.8 12.7 0 0 0 0 0
11:07:36 11004 39 208 38.9 63.1 30.5 28.9 8.6 0.0 21.7 11.6 0 0 0 0 0
11:08:35 11004 0 228 23.3 37.8 18.3 20.5 8.6 0.0 14.2 11.9 0 0 0 0 0
11:09:36 11004 0 197 39.4 68.7 31.1 30.2 9.2 0.0 21.9 11.2 130 0 0 0 0
11:10:35 11004 0 197 39.2 68.0 31.2 29.9 9.0 0.0 21.9 14.6 141 0 0 0 0
11:11:35 11004 0 199 39.7 73.6 32.0 30.4 7.9 0.0 22.2 14.2 132 0 0 0 0
11:12:36 11004 0 213 39.4 64.7 31.7 30.4 7.4 0.0 22.0 15.5 140 0 0 0 0
11:13:35 11004 0 234 23.2 41.6 19.1 21.7 8.1 0.0 14.3 9.6 130 0 0 0 0
11:14:35 11004 0 204 39.2 67.4 31.1 28.9 9.0 0.0 21.9 11.7 140 0 0 0 0
11:15:36 11004 0 195 39.0 64.4 31.0 29.6 8.8 0.0 21.9 13.5 120 0 0 0 0
